
=== Inicio de ejecución: 2025-08-04 02:51:06 ===

=== Inicio de ejecución: 2025-08-04 02:56:26 ===
[2025-08-04 02:56:30] Iteración 1 | Activos: 20 | Cerrados: 0 | Nuevos: 0 | Duración: 184.16 ms | Sleeptime: 15s
[2025-08-04 02:56:45] Iteración 2 | Activos: 20 | Cerrados: 0 | Nuevos: 0 | Duración: 111.87 ms | Sleeptime: 15s
[2025-08-04 02:57:01] Iteración 3 | Activos: 20 | Cerrados: 0 | Nuevos: 0 | Duración: 192.76 ms | Sleeptime: 15s

=== Fin de ejecución. Tiempo total: 64.32 segundos ===
Resumen automático:
- Iteraciones: 3
- Promedio de Sockets Cerrados: 0.00
- Promedio de Sockets Nuevos: 0.00
- Promedio de duración por iteración: 162.93 ms
- Nivel estimado de resistencia de tu Aplicacion Web: Deprimente - La App no tiene capas de protección bien implementadas.

=== Inicio de ejecución: 2025-08-04 02:57:27 ===
[2025-08-04 02:57:29] Iteración 1 | Activos: 15 | Cerrados: 0 | Nuevos: 0 | Duración: 187.55 ms | Sleeptime: 15s
[2025-08-04 02:57:45] Iteración 2 | Activos: 15 | Cerrados: 0 | Nuevos: 0 | Duración: 248.53 ms | Sleeptime: 15s
[2025-08-04 02:58:02] Iteración 3 | Activos: 30 | Cerrados: 0 | Nuevos: 15 | Duración: 2082.56 ms | Sleeptime: 15s

=== Fin de ejecución. Tiempo total: 68.68 segundos ===
Resumen automático:
- Iteraciones: 3
- Promedio de Sockets Cerrados: 0.00
- Promedio de Sockets Nuevos: 5.00
- Promedio de duración por iteración: 839.55 ms
- Nivel estimado de resistencia de tu Aplicacion Web: Deprimente - La App no tiene capas de protección bien implementadas.
